Archive member included to satisfy reference by file (symbol)

/opt/st/stm32cubeclt_1.18.0/GNU-tools-for-STM32/bin/../lib/gcc/arm-none-eabi/13.3.1/../../../../arm-none-eabi/lib/thumb/v7e-m+fp/hard/libc_nano.a(libc_a-exit.o)
                              /opt/st/stm32cubeclt_1.18.0/GNU-tools-for-STM32/bin/../lib/gcc/arm-none-eabi/13.3.1/../../../../arm-none-eabi/lib/thumb/v7e-m+fp/hard/crt0.o (exit)
/opt/st/stm32cubeclt_1.18.0/GNU-tools-for-STM32/bin/../lib/gcc/arm-none-eabi/13.3.1/../../../../arm-none-eabi/lib/thumb/v7e-m+fp/hard/libc_nano.a(libc_a-findfp.o)
                              /opt/st/stm32cubeclt_1.18.0/GNU-tools-for-STM32/bin/../lib/gcc/arm-none-eabi/13.3.1/../../../../arm-none-eabi/lib/thumb/v7e-m+fp/hard/libc_nano.a(libc_a-exit.o) (__stdio_exit_handler)
/opt/st/stm32cubeclt_1.18.0/GNU-tools-for-STM32/bin/../lib/gcc/arm-none-eabi/13.3.1/../../../../arm-none-eabi/lib/thumb/v7e-m+fp/hard/libc_nano.a(libc_a-fwalk.o)
                              /opt/st/stm32cubeclt_1.18.0/GNU-tools-for-STM32/bin/../lib/gcc/arm-none-eabi/13.3.1/../../../../arm-none-eabi/lib/thumb/v7e-m+fp/hard/libc_nano.a(libc_a-findfp.o) (_fwalk_sglue)
/opt/st/stm32cubeclt_1.18.0/GNU-tools-for-STM32/bin/../lib/gcc/arm-none-eabi/13.3.1/../../../../arm-none-eabi/lib/thumb/v7e-m+fp/hard/libc_nano.a(libc_a-stdio.o)
                              /opt/st/stm32cubeclt_1.18.0/GNU-tools-for-STM32/bin/../lib/gcc/arm-none-eabi/13.3.1/../../../../arm-none-eabi/lib/thumb/v7e-m+fp/hard/libc_nano.a(libc_a-findfp.o) (__sread)
/opt/st/stm32cubeclt_1.18.0/GNU-tools-for-STM32/bin/../lib/gcc/arm-none-eabi/13.3.1/../../../../arm-none-eabi/lib/thumb/v7e-m+fp/hard/libc_nano.a(libc_a-memset.o)
                              /opt/st/stm32cubeclt_1.18.0/GNU-tools-for-STM32/bin/../lib/gcc/arm-none-eabi/13.3.1/../../../../arm-none-eabi/lib/thumb/v7e-m+fp/hard/crt0.o (memset)
/opt/st/stm32cubeclt_1.18.0/GNU-tools-for-STM32/bin/../lib/gcc/arm-none-eabi/13.3.1/../../../../arm-none-eabi/lib/thumb/v7e-m+fp/hard/libc_nano.a(libc_a-closer.o)
                              /opt/st/stm32cubeclt_1.18.0/GNU-tools-for-STM32/bin/../lib/gcc/arm-none-eabi/13.3.1/../../../../arm-none-eabi/lib/thumb/v7e-m+fp/hard/libc_nano.a(libc_a-stdio.o) (_close_r)
/opt/st/stm32cubeclt_1.18.0/GNU-tools-for-STM32/bin/../lib/gcc/arm-none-eabi/13.3.1/../../../../arm-none-eabi/lib/thumb/v7e-m+fp/hard/libc_nano.a(libc_a-reent.o)
                              /opt/st/stm32cubeclt_1.18.0/GNU-tools-for-STM32/bin/../lib/gcc/arm-none-eabi/13.3.1/../../../../arm-none-eabi/lib/thumb/v7e-m+fp/hard/libc_nano.a(libc_a-closer.o) (errno)
/opt/st/stm32cubeclt_1.18.0/GNU-tools-for-STM32/bin/../lib/gcc/arm-none-eabi/13.3.1/../../../../arm-none-eabi/lib/thumb/v7e-m+fp/hard/libc_nano.a(libc_a-impure.o)
                              /opt/st/stm32cubeclt_1.18.0/GNU-tools-for-STM32/bin/../lib/gcc/arm-none-eabi/13.3.1/../../../../arm-none-eabi/lib/thumb/v7e-m+fp/hard/libc_nano.a(libc_a-reent.o) (_impure_ptr)
/opt/st/stm32cubeclt_1.18.0/GNU-tools-for-STM32/bin/../lib/gcc/arm-none-eabi/13.3.1/../../../../arm-none-eabi/lib/thumb/v7e-m+fp/hard/libc_nano.a(libc_a-lseekr.o)
                              /opt/st/stm32cubeclt_1.18.0/GNU-tools-for-STM32/bin/../lib/gcc/arm-none-eabi/13.3.1/../../../../arm-none-eabi/lib/thumb/v7e-m+fp/hard/libc_nano.a(libc_a-stdio.o) (_lseek_r)
/opt/st/stm32cubeclt_1.18.0/GNU-tools-for-STM32/bin/../lib/gcc/arm-none-eabi/13.3.1/../../../../arm-none-eabi/lib/thumb/v7e-m+fp/hard/libc_nano.a(libc_a-readr.o)
                              /opt/st/stm32cubeclt_1.18.0/GNU-tools-for-STM32/bin/../lib/gcc/arm-none-eabi/13.3.1/../../../../arm-none-eabi/lib/thumb/v7e-m+fp/hard/libc_nano.a(libc_a-stdio.o) (_read_r)
/opt/st/stm32cubeclt_1.18.0/GNU-tools-for-STM32/bin/../lib/gcc/arm-none-eabi/13.3.1/../../../../arm-none-eabi/lib/thumb/v7e-m+fp/hard/libc_nano.a(libc_a-writer.o)
                              /opt/st/stm32cubeclt_1.18.0/GNU-tools-for-STM32/bin/../lib/gcc/arm-none-eabi/13.3.1/../../../../arm-none-eabi/lib/thumb/v7e-m+fp/hard/libc_nano.a(libc_a-stdio.o) (_write_r)
/opt/st/stm32cubeclt_1.18.0/GNU-tools-for-STM32/bin/../lib/gcc/arm-none-eabi/13.3.1/../../../../arm-none-eabi/lib/thumb/v7e-m+fp/hard/libc_nano.a(libc_a-init.o)
                              /opt/st/stm32cubeclt_1.18.0/GNU-tools-for-STM32/bin/../lib/gcc/arm-none-eabi/13.3.1/../../../../arm-none-eabi/lib/thumb/v7e-m+fp/hard/crt0.o (__libc_init_array)
/opt/st/stm32cubeclt_1.18.0/GNU-tools-for-STM32/bin/../lib/gcc/arm-none-eabi/13.3.1/../../../../arm-none-eabi/lib/thumb/v7e-m+fp/hard/libc_nano.a(libc_a-lock.o)
                              /opt/st/stm32cubeclt_1.18.0/GNU-tools-for-STM32/bin/../lib/gcc/arm-none-eabi/13.3.1/../../../../arm-none-eabi/lib/thumb/v7e-m+fp/hard/libc_nano.a(libc_a-findfp.o) (__retarget_lock_init_recursive)
/opt/st/stm32cubeclt_1.18.0/GNU-tools-for-STM32/bin/../lib/gcc/arm-none-eabi/13.3.1/../../../../arm-none-eabi/lib/thumb/v7e-m+fp/hard/libc_nano.a(libc_a-freer.o)
[...]
Memory Configuration

Name             Origin             Length             Attributes
RAM              0x20000000         0x00020000         xrw
CCMRAM           0x10000000         0x00010000         xrw
FLASH            0x08010000         0x00070000         xr
*default*        0x00000000         0xffffffff

Linker script and memory map

LOAD /opt/st/stm32cubeclt_1.18.0/GNU-tools-for-STM32/bin/../lib/gcc/arm-none-eabi/13.3.1/thumb/v7e-m+fp/hard/crti.o
LOAD /opt/st/stm32cubeclt_1.18.0/GNU-tools-for-STM32/bin/../lib/gcc/arm-none-eabi/13.3.1/thumb/v7e-m+fp/hard/crtbegin.o
LOAD /opt/st/stm32cubeclt_1.18.0/GNU-tools-for-STM32/bin/../lib/gcc/arm-none-eabi/13.3.1/../../../../arm-none-eabi/lib/thumb/v7e-m+fp/hard/crt0.o
START GROUP
LOAD /opt/st/stm32cubeclt_1.18.0/GNU-tools-for-STM32/bin/../lib/gcc/arm-none-eabi/13.3.1/../../../../arm-none-eabi/lib/thumb/v7e-m+fp/hard/libc_nano.a
LOAD /opt/st/stm32cubeclt_1.18.0/GNU-tools-for-STM32/bin/../lib/gcc/arm-none-eabi/13.3.1/../../../../arm-none-eabi/lib/thumb/v7e-m+fp/hard/libm.a
END GROUP
LOAD CMakeFiles/SecureBoot_F407.dir/Core/Src/main.c.obj
LOAD CMakeFiles/SecureBoot_F407.dir/Core/Src/stm32f4xx_it.c.obj
LOAD CMakeFiles/SecureBoot_F407.dir/Core/Src/stm32f4xx_hal_msp.c.obj
LOAD CMakeFiles/SecureBoot_F407.dir/Core/Src/sysmem.c.obj
LOAD CMakeFiles/SecureBoot_F407.dir/Core/Src/syscalls.c.obj
LOAD CMakeFiles/SecureBoot_F407.dir/startup_stm32f407xx.s.obj
LOAD cmake/stm32cubemx/CMakeFiles/STM32_Drivers.dir/__/__/Core/Src/system_stm32f4xx.c.obj
LOAD cmake/stm32cubemx/CMakeFiles/STM32_Drivers.dir/__/__/Drivers/STM32F4xx_HAL_Driver/Src/stm32f4xx_hal_uart.c.obj
LOAD cmake/stm32cubemx/CMakeFiles/STM32_Drivers.dir/__/__/Drivers/STM32F4xx_HAL_Driver/Src/stm32f4xx_hal_rcc.c.obj
LOAD cmake/stm32cubemx/CMakeFiles/STM32_Drivers.dir/__/__/Drivers/STM32F4xx_HAL_Driver/Src/stm32f4xx_hal_rcc_ex.c.obj
LOAD cmake/stm32cubemx/CMakeFiles/STM32_Drivers.dir/__/__/Drivers/STM32F4xx_HAL_Driver/Src/stm32f4xx_hal_flash.c.obj
LOAD cmake/stm32cubemx/CMakeFiles/STM32_Drivers.dir/__/__/Drivers/STM32F4xx_HAL_Driver/Src/stm32f4xx_hal_flash_ex.c.obj
LOAD cmake/stm32cubemx/CMakeFiles/STM32_Drivers.dir/__/__/Drivers/STM32F4xx_HAL_Driver/Src/stm32f4xx_hal_flash_ramfunc.c.obj
LOAD cmake/stm32cubemx/CMakeFiles/STM32_Drivers.dir/__/__/Drivers/STM32F4xx_HAL_Driver/Src/stm32f4xx_hal_gpio.c.obj
LOAD cmake/stm32cubemx/CMakeFiles/STM32_Drivers.dir/__/__/Drivers/STM32F4xx_HAL_Driver/Src/stm32f4xx_hal_dma_ex.c.obj
LOAD cmake/stm32cubemx/CMakeFiles/STM32_Drivers.dir/__/__/Drivers/STM32F4xx_HAL_Driver/Src/stm32f4xx_hal_dma.c.obj
LOAD cmake/stm32cubemx/CMakeFiles/STM32_Drivers.dir/__/__/Drivers/STM32F4xx_HAL_Driver/Src/stm32f4xx_hal_pwr.c.obj
LOAD cmake/stm32cubemx/CMakeFiles/STM32_Drivers.dir/__/__/Drivers/STM32F4xx_HAL_Driver/Src/stm32f4xx_hal_pwr_ex.c.obj
LOAD cmake/stm32cubemx/CMakeFiles/STM32_Drivers.dir/__/__/Drivers/STM32F4xx_HAL_Driver/Src/stm32f4xx_hal_cortex.c.obj
LOAD cmake/stm32cubemx/CMakeFiles/STM32_Drivers.dir/__/__/Drivers/STM32F4xx_HAL_Driver/Src/stm32f4xx_hal.c.obj
LOAD cmake/stm32cubemx/CMakeFiles/STM32_Drivers.dir/__/__/Drivers/STM32F4xx_HAL_Driver/Src/stm32f4xx_hal_exti.c.obj
START GROUP
LOAD /opt/st/stm32cubeclt_1.18.0/GNU-tools-for-STM32/bin/../lib/gcc/arm-none-eabi/13.3.1/thumb/v7e-m+fp/hard/libgcc.a
LOAD /opt/st/stm32cubeclt_1.18.0/GNU-tools-for-STM32/bin/../lib/gcc/arm-none-eabi/13.3.1/../../../../arm-none-eabi/lib/thumb/v7e-m+fp/hard/libg_nano.a
LOAD /opt/st/stm32cubeclt_1.18.0/GNU-tools-for-STM32/bin/../lib/gcc/arm-none-eabi/13.3.1/../../../../arm-none-eabi/lib/thumb/v7e-m+fp/hard/libc_nano.a
END GROUP
START GROUP
LOAD /opt/st/stm32cubeclt_1.18.0/GNU-tools-for-STM32/bin/../lib/gcc/arm-none-eabi/13.3.1/thumb/v7e-m+fp/hard/libgcc.a
LOAD /opt/st/stm32cubeclt_1.18.0/GNU-tools-for-STM32/bin/../lib/gcc/arm-none-eabi/13.3.1/../../../../arm-none-eabi/lib/thumb/v7e-m+fp/hard/libc_nano.a
END GROUP
LOAD /opt/st/stm32cubeclt_1.18.0/GNU-tools-for-STM32/bin/../lib/gcc/arm-none-eabi/13.3.1/thumb/v7e-m+fp/hard/crtend.o
LOAD /opt/st/stm32cubeclt_1.18.0/GNU-tools-for-STM32/bin/../lib/gcc/arm-none-eabi/13.3.1/thumb/v7e-m+fp/hard/crtn.o
                0x20020000                        _estack = (ORIGIN (RAM) + LENGTH (RAM))
                0x00000200                        _Min_Heap_Size = 0x200
                0x00000400                        _Min_Stack_Size = 0x400

.isr_vector     0x08010000      0x188
                0x08010000                        . = ALIGN (0x4)
 *(.isr_vector)
 .isr_vector    0x08010000      0x188 CMakeFiles/SecureBoot_F407.dir/startup_stm32f407xx.s.obj
                0x08010000                g_pfnVectors
                [!provide]                        PROVIDE (__vector_table = .)
                0x08010188                        . = ALIGN (0x4)

.text           0x08010188     0x1f24
                0x08010188                        . = ALIGN (0x4)
 *(.text)
 .text          0x08010188       0x40 /opt/st/stm32cubeclt_1.18.0/GNU-tools-for-STM32/bin/../lib/gcc/arm-none-eabi/13.3.1/thumb/v7e-m+fp/hard/crtbegin.o
 .text          0x080101c8       0x30 /opt/st/stm32cubeclt_1.18.0/GNU-tools-for-STM32/bin/../lib/gcc/arm-none-eabi/13.3.1/thumb/v7e-m+fp/hard/libgcc.a(_aeabi_uldivmod.o)
                0x080101c8                __aeabi_uldivmod
 .text          0x080101f8      0x2f8 /opt/st/stm32cubeclt_1.18.0/GNU-tools-for-STM32/bin/../lib/gcc/arm-none-eabi/13.3.1/thumb/v7e-m+fp/hard/libgcc.a(_udivmoddi4.o)
                0x080101f8                __udivmoddi4
 .text          0x080104f0        0x4 /opt/st/stm32cubeclt_1.18.0/GNU-tools-for-STM32/bin/../lib/gcc/arm-none-eabi/13.3.1/thumb/v7e-m+fp/hard/libgcc.a(_dvmd_tls.o)
                0x080104f0                __aeabi_ldiv0
                0x080104f0                __aeabi_idiv0
 *(.text*)
 .text.memset   0x080104f4       0x10 /opt/st/stm32cubeclt_1.18.0/GNU-tools-for-STM32/bin/../lib/gcc/arm-none-eabi/13.3.1/../../../../arm-none-eabi/lib/thumb/v7e-m+fp/hard/libc_nano.a(libc_a-memset.o)
                0x080104f4                memset
 .text.__libc_init_array
                0x08010504       0x48 /opt/st/stm32cubeclt_1.18.0/GNU-tools-for-STM32/bin/../lib/gcc/arm-none-eabi/13.3.1/../../../../arm-none-eabi/lib/thumb/v7e-m+fp/hard/libc_nano.a(libc_a-init.o)
                0x08010504                __libc_init_array
 .text.main     0x0801054c       0x40 CMakeFiles/SecureBoot_F407.dir/Core/Src/main.c.obj
                0x0801054c                main
 .text.SystemClock_Config
                0x0801058c       0xd4 CMakeFiles/SecureBoot_F407.dir/Core/Src/main.c.obj
                0x0801058c                SystemClock_Config
 .text.MX_USART2_UART_Init
                0x08010660       0x54 CMakeFiles/SecureBoot_F407.dir/Core/Src/main.c.obj
 .text.MX_GPIO_Init
                0x080106b4       0xbc CMakeFiles/SecureBoot_F407.dir/Core/Src/main.c.obj
 .text.Error_Handler
                0x08010770        0xc CMakeFiles/SecureBoot_F407.dir/Core/Src/main.c.obj
                0x08010770                Error_Handler
 .text.NMI_Handler
                0x0801077c        0x8 CMakeFiles/SecureBoot_F407.dir/Core/Src/stm32f4xx_it.c.obj
                0x0801077c                NMI_Handler
 .text.HardFault_Handler
                0x08010784        0x8 CMakeFiles/SecureBoot_F407.dir/Core/Src/stm32f4xx_it.c.obj
                0x08010784                HardFault_Handler
 .text.MemManage_Handler
                0x0801078c        0x8 CMakeFiles/SecureBoot_F407.dir/Core/Src/stm32f4xx_it.c.obj
                0x0801078c                MemManage_Handler
 .text.BusFault_Handler
                0x08010794        0x8 CMakeFiles/SecureBoot_F407.dir/Core/Src/stm32f4xx_it.c.obj
                0x08010794                BusFault_Handler
 .text.UsageFault_Handler
                0x0801079c        0x8 CMakeFiles/SecureBoot_F407.dir/Core/Src/stm32f4xx_it.c.obj
                0x0801079c                UsageFault_Handler
 .text.SVC_Handler
                0x080107a4        0xe CMakeFiles/SecureBoot_F407.dir/Core/Src/stm32f4xx_it.c.obj
                0x080107a4                SVC_Handler
 .text.DebugMon_Handler
                0x080107b2        0xe CMakeFiles/SecureBoot_F407.dir/Core/Src/stm32f4xx_it.c.obj
                0x080107b2                DebugMon_Handler
 .text.PendSV_Handler
                0x080107c0        0xe CMakeFiles/SecureBoot_F407.dir/Core/Src/stm32f4xx_it.c.obj
                0x080107c0                PendSV_Handler
 .text.SysTick_Handler
                0x080107ce        0xc CMakeFiles/SecureBoot_F407.dir/Core/Src/stm32f4xx_it.c.obj
                0x080107ce                SysTick_Handler
 *fill*         0x080107da        0x2 
 .text.HAL_MspInit
                0x080107dc       0x50 CMakeFiles/SecureBoot_F407.dir/Core/Src/stm32f4xx_hal_msp.c.obj
                0x080107dc                HAL_MspInit
 .text.HAL_UART_MspInit
                0x0801082c       0x90 CMakeFiles/SecureBoot_F407.dir/Core/Src/stm32f4xx_hal_msp.c.obj
                0x0801082c                HAL_UART_MspInit
 .text.Reset_Handler
                0x080108bc       0x50 CMakeFiles/SecureBoot_F407.dir/startup_stm32f407xx.s.obj
                0x080108bc                Reset_Handler
 .text.Default_Handler
                0x0801090c        0x2 CMakeFiles/SecureBoot_F407.dir/startup_stm32f407xx.s.obj
                0x0801090c                RTC_Alarm_IRQHandler
                0x0801090c                HASH_RNG_IRQHandler
                0x0801090c                EXTI2_IRQHandler
                0x0801090c                TIM8_CC_IRQHandler
                0x0801090c                TIM1_CC_IRQHandler
                0x0801090c                DMA2_Stream5_IRQHandler
                0x0801090c                DMA1_Stream5_IRQHandler
                0x0801090c                PVD_IRQHandler
                0x0801090c                SDIO_IRQHandler
                0x0801090c                TAMP_STAMP_IRQHandler
                0x0801090c                CAN2_RX1_IRQHandler
                0x0801090c                EXTI3_IRQHandler
                0x0801090c                TIM8_TRG_COM_TIM14_IRQHandler
                0x0801090c                TIM1_UP_TIM10_IRQHandler
                0x0801090c                TIM8_UP_TIM13_IRQHandler
                0x0801090c                I2C3_ER_IRQHandler
                0x0801090c                EXTI0_IRQHandler
                0x0801090c                I2C2_EV_IRQHandler
                0x0801090c                DMA1_Stream2_IRQHandler
                0x0801090c                CAN1_RX0_IRQHandler
                0x0801090c                FPU_IRQHandler
                0x0801090c                OTG_HS_WKUP_IRQHandler
                0x0801090c                CAN2_SCE_IRQHandler
                0x0801090c                DMA2_Stream2_IRQHandler
                0x0801090c                SPI1_IRQHandler
                0x0801090c                TIM6_DAC_IRQHandler
                0x0801090c                TIM1_BRK_TIM9_IRQHandler
                0x0801090c                DCMI_IRQHandler
                0x0801090c                CAN2_RX0_IRQHandler
                0x0801090c                DMA2_Stream3_IRQHandler
                0x0801090c                USART6_IRQHandler
                0x0801090c                USART3_IRQHandler
                0x0801090c                CAN1_RX1_IRQHandler
                0x0801090c                UART5_IRQHandler
                0x0801090c                DMA2_Stream0_IRQHandler
                0x0801090c                TIM4_IRQHandler
                0x0801090c                I2C1_EV_IRQHandler
                0x0801090c                DMA1_Stream6_IRQHandler
                0x0801090c                DMA1_Stream1_IRQHandler
                0x0801090c                UART4_IRQHandler
                0x0801090c                TIM3_IRQHandler
                0x0801090c                RCC_IRQHandler
                0x0801090c                TIM8_BRK_TIM12_IRQHandler
                0x0801090c                Default_Handler
                0x0801090c                EXTI15_10_IRQHandler
                0x0801090c                ADC_IRQHandler
                0x0801090c                DMA1_Stream7_IRQHandler
                0x0801090c                TIM7_IRQHandler
                0x0801090c                CAN2_TX_IRQHandler
                0x0801090c                TIM5_IRQHandler
                0x0801090c                DMA2_Stream7_IRQHandler
                0x0801090c                I2C3_EV_IRQHandler
                0x0801090c                EXTI9_5_IRQHandler
                0x0801090c                RTC_WKUP_IRQHandler
                0x0801090c                ETH_WKUP_IRQHandler
                0x0801090c                SPI2_IRQHandler
                0x0801090c                OTG_HS_EP1_IN_IRQHandler
                0x0801090c                DMA1_Stream0_IRQHandler
                0x0801090c                CAN1_TX_IRQHandler
                0x0801090c                EXTI4_IRQHandler
                0x0801090c                FSMC_IRQHandler
                0x0801090c                ETH_IRQHandler
                0x0801090c                OTG_HS_EP1_OUT_IRQHandler
                0x0801090c                WWDG_IRQHandler
                0x0801090c                TIM2_IRQHandler
                0x0801090c                OTG_FS_WKUP_IRQHandler
                0x0801090c                TIM1_TRG_COM_TIM11_IRQHandler
                0x0801090c                OTG_HS_IRQHandler
                0x0801090c                EXTI1_IRQHandler
                0x0801090c                USART2_IRQHandler
                0x0801090c                I2C2_ER_IRQHandler
                0x0801090c                DMA2_Stream1_IRQHandler
                0x0801090c                CAN1_SCE_IRQHandler
                0x0801090c                FLASH_IRQHandler
                0x0801090c                DMA2_Stream4_IRQHandler
                0x0801090c                USART1_IRQHandler
                0x0801090c                OTG_FS_IRQHandler
                0x0801090c                SPI3_IRQHandler
                0x0801090c                DMA1_Stream4_IRQHandler
                0x0801090c                I2C1_ER_IRQHandler
                0x0801090c                DMA2_Stream6_IRQHandler
                0x0801090c                DMA1_Stream3_IRQHandler
 *fill*         0x0801090e        0x2 
 .text.SystemInit
                0x08010910       0x24 cmake/stm32cubemx/CMakeFiles/STM32_Drivers.dir/__/__/Core/Src/system_stm32f4xx.c.obj
                0x08010910                SystemInit
 .text.HAL_UART_Init
                0x08010934       0xa0 cmake/stm32cubemx/CMakeFiles/STM32_Drivers.dir/__/__/Drivers/STM32F4xx_HAL_Driver/Src/stm32f4xx_hal_uart.c.obj
                0x08010934                HAL_UART_Init
 .text.HAL_UART_Transmit
                0x080109d4      0x116 cmake/stm32cubemx/CMakeFiles/STM32_Drivers.dir/__/__/Drivers/STM32F4xx_HAL_Driver/Src/stm32f4xx_hal_uart.c.obj
                0x080109d4                HAL_UART_Transmit
 .text.UART_WaitOnFlagUntilTimeout
                0x08010aea       0xb2 cmake/stm32cubemx/CMakeFiles/STM32_Drivers.dir/__/__/Drivers/STM32F4xx_HAL_Driver/Src/stm32f4xx_hal_uart.c.obj
 .text.UART_EndRxTransfer
                0x08010b9c       0xc6 cmake/stm32cubemx/CMakeFiles/STM32_Drivers.dir/__/__/Drivers/STM32F4xx_HAL_Driver/Src/stm32f4xx_hal_uart.c.obj
 *fill*         0x08010c62        0x2 
 .text.UART_SetConfig
                0x08010c64      0x4e8 cmake/stm32cubemx/CMakeFiles/STM32_Drivers.dir/__/__/Drivers/STM32F4xx_HAL_Driver/Src/stm32f4xx_hal_uart.c.obj
 .text.HAL_RCC_OscConfig
                0x0801114c      0x4f0 cmake/stm32cubemx/CMakeFiles/STM32_Drivers.dir/__/__/Drivers/STM32F4xx_HAL_Driver/Src/stm32f4xx_hal_rcc.c.obj
                0x0801114c                HAL_RCC_OscConfig
 .text.HAL_RCC_ClockConfig
                0x0801163c      0x1cc cmake/stm32cubemx/CMakeFiles/STM32_Drivers.dir/__/__/Drivers/STM32F4xx_HAL_Driver/Src/stm32f4xx_hal_rcc.c.obj
                0x0801163c                HAL_RCC_ClockConfig
 .text.HAL_RCC_GetSysClockFreq
                0x08011808      0x18c cmake/stm32cubemx/CMakeFiles/STM32_Drivers.dir/__/__/Drivers/STM32F4xx_HAL_Driver/Src/stm32f4xx_hal_rcc.c.obj
                0x08011808                HAL_RCC_GetSysClockFreq
 .text.HAL_RCC_GetHCLKFreq
                0x08011994       0x18 cmake/stm32cubemx/CMakeFiles/STM32_Drivers.dir/__/__/Drivers/STM32F4xx_HAL_Driver/Src/stm32f4xx_hal_rcc.c.obj
                0x08011994                HAL_RCC_GetHCLKFreq
 .text.HAL_RCC_GetPCLK1Freq
                0x080119ac       0x28 cmake/stm32cubemx/CMakeFiles/STM32_Drivers.dir/__/__/Drivers/STM32F4xx_HAL_Driver/Src/stm32f4xx_hal_rcc.c.obj
                0x080119ac                HAL_RCC_GetPCLK1Freq
 .text.HAL_RCC_GetPCLK2Freq
                0x080119d4       0x28 cmake/stm32cubemx/CMakeFiles/STM32_Drivers.dir/__/__/Drivers/STM32F4xx_HAL_Driver/Src/stm32f4xx_hal_rcc.c.obj
                0x080119d4                HAL_RCC_GetPCLK2Freq
 .text.HAL_GPIO_Init
                0x080119fc      0x338 cmake/stm32cubemx/CMakeFiles/STM32_Drivers.dir/__/__/Drivers/STM32F4xx_HAL_Driver/Src/stm32f4xx_hal_gpio.c.obj
                0x080119fc                HAL_GPIO_Init
 .text.HAL_GPIO_WritePin
                0x08011d34       0x32 cmake/stm32cubemx/CMakeFiles/STM32_Drivers.dir/__/__/Drivers/STM32F4xx_HAL_Driver/Src/stm32f4xx_hal_gpio.c.obj
                0x08011d34                HAL_GPIO_WritePin
 .text.HAL_GPIO_TogglePin
                0x08011d66       0x34 cmake/stm32cubemx/CMakeFiles/STM32_Drivers.dir/__/__/Drivers/STM32F4xx_HAL_Driver/Src/stm32f4xx_hal_gpio.c.obj
                0x08011d66                HAL_GPIO_TogglePin
 *fill*         0x08011d9a        0x2 
 .text.__NVIC_SetPriorityGrouping
                0x08011d9c       0x48 cmake/stm32cubemx/CMakeFiles/STM32_Drivers.dir/__/__/Drivers/STM32F4xx_HAL_Driver/Src/stm32f4xx_hal_cortex.c.obj
 .text.__NVIC_GetPriorityGrouping
                0x08011de4       0x1c cmake/stm32cubemx/CMakeFiles/STM32_Drivers.dir/__/__/Drivers/STM32F4xx_HAL_Driver/Src/stm32f4xx_hal_cortex.c.obj
 .text.__NVIC_SetPriority
                0x08011e00       0x54 cmake/stm32cubemx/CMakeFiles/STM32_Drivers.dir/__/__/Drivers/STM32F4xx_HAL_Driver/Src/stm32f4xx_hal_cortex.c.obj
 .text.NVIC_EncodePriority
                0x08011e54       0x66 cmake/stm32cubemx/CMakeFiles/STM32_Drivers.dir/__/__/Drivers/STM32F4xx_HAL_Driver/Src/stm32f4xx_hal_cortex.c.obj
 *fill*         0x08011eba        0x2 
 .text.SysTick_Config
                0x08011ebc       0x44 cmake/stm32cubemx/CMakeFiles/STM32_Drivers.dir/__/__/Drivers/STM32F4xx_HAL_Driver/Src/stm32f4xx_hal_cortex.c.obj
 .text.HAL_NVIC_SetPriorityGrouping
                0x08011f00       0x16 cmake/stm32cubemx/CMakeFiles/STM32_Drivers.dir/__/__/Drivers/STM32F4xx_HAL_Driver/Src/stm32f4xx_hal_cortex.c.obj
                0x08011f00                HAL_NVIC_SetPriorityGrouping
 .text.HAL_NVIC_SetPriority
                0x08011f16       0x38 cmake/stm32cubemx/CMakeFiles/STM32_Drivers.dir/__/__/Drivers/STM32F4xx_HAL_Driver/Src/stm32f4xx_hal_cortex.c.obj
                0x08011f16                HAL_NVIC_SetPriority
 .text.HAL_SYSTICK_Config
                0x08011f4e       0x18 cmake/stm32cubemx/CMakeFiles/STM32_Drivers.dir/__/__/Drivers/STM32F4xx_HAL_Driver/Src/stm32f4xx_hal_cortex.c.obj
                0x08011f4e                HAL_SYSTICK_Config
 *fill*         0x08011f66        0x2 
 .text.HAL_Init
                0x08011f68       0x44 cmake/stm32cubemx/CMakeFiles/STM32_Drivers.dir/__/__/Drivers/STM32F4xx_HAL_Driver/Src/stm32f4xx_hal.c.obj
                0x08011f68                HAL_Init
 .text.HAL_InitTick
                0x08011fac       0x60 cmake/stm32cubemx/CMakeFiles/STM32_Drivers.dir/__/__/Drivers/STM32F4xx_HAL_Driver/Src/stm32f4xx_hal.c.obj
                0x08011fac                HAL_InitTick
 .text.HAL_IncTick
                0x0801200c       0x28 cmake/stm32cubemx/CMakeFiles/STM32_Drivers.dir/__/__/Drivers/STM32F4xx_HAL_Driver/Src/stm32f4xx_hal.c.obj
                0x0801200c                HAL_IncTick
 .text.HAL_GetTick
                0x08012034       0x18 cmake/stm32cubemx/CMakeFiles/STM32_Drivers.dir/__/__/Drivers/STM32F4xx_HAL_Driver/Src/stm32f4xx_hal.c.obj
                0x08012034                HAL_GetTick
 .text.HAL_Delay
                0x0801204c       0x48 cmake/stm32cubemx/CMakeFiles/STM32_Drivers.dir/__/__/Drivers/STM32F4xx_HAL_Driver/Src/stm32f4xx_hal.c.obj
                0x0801204c                HAL_Delay
 *(.glue_7)
 .glue_7        0x08012094        0x0 linker stubs
 *(.glue_7t)
 .glue_7t       0x08012094        0x0 linker stubs
 *(.eh_frame)
 .eh_frame      0x08012094        0x0 /opt/st/stm32cubeclt_1.18.0/GNU-tools-for-STM32/bin/../lib/gcc/arm-none-eabi/13.3.1/thumb/v7e-m+fp/hard/crtbegin.o
 *(.init)
 .init          0x08012094        0x4 /opt/st/stm32cubeclt_1.18.0/GNU-tools-for-STM32/bin/../lib/gcc/arm-none-eabi/13.3.1/thumb/v7e-m+fp/hard/crti.o
                0x08012094                _init
 .init          0x08012098        0x8 /opt/st/stm32cubeclt_1.18.0/GNU-tools-for-STM32/bin/../lib/gcc/arm-none-eabi/13.3.1/thumb/v7e-m+fp/hard/crtn.o
 *(.fini)
 .fini          0x080120a0        0x4 /opt/st/stm32cubeclt_1.18.0/GNU-tools-for-STM32/bin/../lib/gcc/arm-none-eabi/13.3.1/thumb/v7e-m+fp/hard/crti.o
                0x080120a0                _fini
 .fini          0x080120a4        0x8 /opt/st/stm32cubeclt_1.18.0/GNU-tools-for-STM32/bin/../lib/gcc/arm-none-eabi/13.3.1/thumb/v7e-m+fp/hard/crtn.o
                0x080120ac                        . = ALIGN (0x4)
                0x080120ac                        _etext = .
                [!provide]                        PROVIDE (__firmware_end__ = .)

.vfp11_veneer   0x080120ac        0x0
 .vfp11_veneer  0x080120ac        0x0 linker stubs

.v4_bx          0x080120ac        0x0
 .v4_bx         0x080120ac        0x0 linker stubs

.iplt           0x080120ac        0x0
 .iplt          0x080120ac        0x0 /opt/st/stm32cubeclt_1.18.0/GNU-tools-for-STM32/bin/../lib/gcc/arm-none-eabi/13.3.1/thumb/v7e-m+fp/hard/crtbegin.o

.rodata         0x080120ac       0x30
                0x080120ac                        . = ALIGN (0x4)
 *(.rodata)
 .rodata        0x080120ac       0x18 CMakeFiles/SecureBoot_F407.dir/Core/Src/main.c.obj
 *(.rodata*)
 .rodata.AHBPrescTable
                0x080120c4       0x10 cmake/stm32cubemx/CMakeFiles/STM32_Drivers.dir/__/__/Core/Src/system_stm32f4xx.c.obj
                0x080120c4                AHBPrescTable
 .rodata.APBPrescTable
                0x080120d4        0x8 cmake/stm32cubemx/CMakeFiles/STM32_Drivers.dir/__/__/Core/Src/system_stm32f4xx.c.obj
                0x080120d4                APBPrescTable
                0x080120dc                        . = ALIGN (0x4)

.ARM.extab      0x080120dc        0x0
                0x080120dc                        . = ALIGN (0x4)
 *(.ARM.extab* .gnu.linkonce.armextab.*)
                0x080120dc                        . = ALIGN (0x4)

.ARM            0x080120dc        0x8
                0x080120dc                        . = ALIGN (0x4)
                0x080120dc                        __exidx_start = .
 *(.ARM.exidx*)
 .ARM.exidx     0x080120dc        0x8 /opt/st/stm32cubeclt_1.18.0/GNU-tools-for-STM32/bin/../lib/gcc/arm-none-eabi/13.3.1/thumb/v7e-m+fp/hard/libgcc.a(_udivmoddi4.o)
                0x080120e4                        __exidx_end = .
                0x080120e4                        . = ALIGN (0x4)

.preinit_array  0x080120e4        0x0
                0x080120e4                        . = ALIGN (0x4)
                0x080120e4                        PROVIDE (__preinit_array_start = .)
 *(.preinit_array*)
                0x080120e4                        PROVIDE (__preinit_array_end = .)
                0x080120e4                        . = ALIGN (0x4)

.init_array     0x080120e4        0x4
                0x080120e4                        . = ALIGN (0x4)
                0x080120e4                        PROVIDE (__init_array_start = .)
 *(SORT_BY_NAME(.init_array.*))
 *(.init_array*)
 .init_array    0x080120e4        0x4 /opt/st/stm32cubeclt_1.18.0/GNU-tools-for-STM32/bin/../lib/gcc/arm-none-eabi/13.3.1/thumb/v7e-m+fp/hard/crtbegin.o
                0x080120e8                        PROVIDE (__init_array_end = .)
                0x080120e8                        . = ALIGN (0x4)

.fini_array     0x080120e8        0x4
                0x080120e8                        . = ALIGN (0x4)
                [!provide]                        PROVIDE (__fini_array_start = .)
 *(SORT_BY_NAME(.fini_array.*))
 *(.fini_array*)
 .fini_array    0x080120e8        0x4 /opt/st/stm32cubeclt_1.18.0/GNU-tools-for-STM32/bin/../lib/gcc/arm-none-eabi/13.3.1/thumb/v7e-m+fp/hard/crtbegin.o
                [!provide]                        PROVIDE (__fini_array_end = .)
                0x080120ec                        . = ALIGN (0x4)
                0x080120ec                        _sidata = LOADADDR (.data)

.rel.dyn        0x080120ec        0x0
 .rel.iplt      0x080120ec        0x0 /opt/st/stm32cubeclt_1.18.0/GNU-tools-for-STM32/bin/../lib/gcc/arm-none-eabi/13.3.1/thumb/v7e-m+fp/hard/crtbegin.o

.data           0x20000000        0xc load address 0x080120ec
                0x20000000                        . = ALIGN (0x4)
                0x20000000                        _sdata = .
 *(.data)
 *(.data*)
 .data.SystemCoreClock
                0x20000000        0x4 cmake/stm32cubemx/CMakeFiles/STM32_Drivers.dir/__/__/Core/Src/system_stm32f4xx.c.obj
                0x20000000                SystemCoreClock
 .data.uwTickPrio
                0x20000004        0x4 cmake/stm32cubemx/CMakeFiles/STM32_Drivers.dir/__/__/Drivers/STM32F4xx_HAL_Driver/Src/stm32f4xx_hal.c.obj
                0x20000004                uwTickPrio
 .data.uwTickFreq
                0x20000008        0x1 cmake/stm32cubemx/CMakeFiles/STM32_Drivers.dir/__/__/Drivers/STM32F4xx_HAL_Driver/Src/stm32f4xx_hal.c.obj
                0x20000008                uwTickFreq
 *(.RamFunc)
 *(.RamFunc*)
                0x2000000c                        . = ALIGN (0x4)
 *fill*         0x20000009        0x3 
                0x2000000c                        _edata = .
                0x080120f8                        _siccmram = LOADADDR (.ccmram)

.igot.plt       0x2000000c        0x0 load address 0x080120f8
 .igot.plt      0x2000000c        0x0 /opt/st/stm32cubeclt_1.18.0/GNU-tools-for-STM32/bin/../lib/gcc/arm-none-eabi/13.3.1/thumb/v7e-m+fp/hard/crtbegin.o

.ccmram         0x10000000        0x0 load address 0x080120f8
                0x10000000                        . = ALIGN (0x4)
                0x10000000                        _sccmram = .
 *(.ccmram)
 *(.ccmram*)
                0x10000000                        . = ALIGN (0x4)
                0x10000000                        _eccmram = .
                0x10000000                        . = ALIGN (0x4)

.bss            0x2000000c       0x68
                0x2000000c                        _sbss = .
                0x2000000c                        __bss_start__ = _sbss
 *(.bss)
 .bss           0x2000000c       0x1c /opt/st/stm32cubeclt_1.18.0/GNU-tools-for-STM32/bin/../lib/gcc/arm-none-eabi/13.3.1/thumb/v7e-m+fp/hard/crtbegin.o
 *(.bss*)
 .bss.huart2    0x20000028       0x48 CMakeFiles/SecureBoot_F407.dir/Core/Src/main.c.obj
                0x20000028                huart2
 .bss.uwTick    0x20000070        0x4 cmake/stm32cubemx/CMakeFiles/STM32_Drivers.dir/__/__/Drivers/STM32F4xx_HAL_Driver/Src/stm32f4xx_hal.c.obj
                0x20000070                uwTick
 *(COMMON)
                0x20000074                        . = ALIGN (0x4)
                0x20000074                        _ebss = .
                0x20000074                        __bss_end__ = _ebss

._user_heap_stack
                0x20000074      0x604
                0x20000078                        . = ALIGN (0x8)
 *fill*         0x20000074        0x4 
                [!provide]                        PROVIDE (end = .)
                0x20000078                        PROVIDE (_end = .)
                0x20000278                        . = (. + _Min_Heap_Size)
 *fill*         0x20000078      0x200 
                0x20000678                        . = (. + _Min_Stack_Size)
 *fill*         0x20000278      0x400 
                0x20000678                        . = ALIGN (0x8)

/DISCARD/
 libc.a(*)
 libm.a(*)
 libgcc.a(*)
OUTPUT(SecureBoot_F407.elf elf32-littlearm)
LOAD linker stubs
LOAD /opt/st/stm32cubeclt_1.18.0/GNU-tools-for-STM32/bin/../lib/gcc/arm-none-eabi/13.3.1/../../../../arm-none-eabi/lib/thumb/v7e-m+fp/hard/libc.a
LOAD /opt/st/stm32cubeclt_1.18.0/GNU-tools-for-STM32/bin/../lib/gcc/arm-none-eabi/13.3.1/../../../../arm-none-eabi/lib/thumb/v7e-m+fp/hard/libm.a
LOAD /opt/st/stm32cubeclt_1.18.0/GNU-tools-for-STM32/bin/../lib/gcc/arm-none-eabi/13.3.1/thumb/v7e-m+fp/hard/libgcc.a

.ARM.attributes
                0x00000000       0x30
 .ARM.attributes
                0x00000000       0x22 /opt/st/stm32cubeclt_1.18.0/GNU-tools-for-STM32/bin/../lib/gcc/arm-none-eabi/13.3.1/thumb/v7e-m+fp/hard/crti.o
 .ARM.attributes
                0x00000022       0x34 /opt/st/stm32cubeclt_1.18.0/GNU-tools-for-STM32/bin/../lib/gcc/arm-none-eabi/13.3.1/thumb/v7e-m+fp/hard/crtbegin.o
 .ARM.attributes
                0x00000056       0x34 /opt/st/stm32cubeclt_1.18.0/GNU-tools-for-STM32/bin/../lib/gcc/arm-none-eabi/13.3.1/../../../../arm-none-eabi/lib/thumb/v7e-m+fp/hard/libc_nano.a(libc_a-memset.o)
 .ARM.attributes
                0x0000008a       0x34 /opt/st/stm32cubeclt_1.18.0/GNU-tools-for-STM32/bin/../lib/gcc/arm-none-eabi/13.3.1/../../../../arm-none-eabi/lib/thumb/v7e-m+fp/hard/libc_nano.a(libc_a-init.o)
 .ARM.attributes
                0x000000be       0x34 CMakeFiles/SecureBoot_F407.dir/Core/Src/main.c.obj
 .ARM.attributes
                0x000000f2       0x34 CMakeFiles/SecureBoot_F407.dir/Core/Src/stm32f4xx_it.c.obj
 .ARM.attributes
                0x00000126       0x34 CMakeFiles/SecureBoot_F407.dir/Core/Src/stm32f4xx_hal_msp.c.obj
 .ARM.attributes
                0x0000015a       0x21 CMakeFiles/SecureBoot_F407.dir/startup_stm32f407xx.s.obj
 .ARM.attributes
                0x0000017b       0x34 cmake/stm32cubemx/CMakeFiles/STM32_Drivers.dir/__/__/Core/Src/system_stm32f4xx.c.obj
 .ARM.attributes
                0x000001af       0x34 cmake/stm32cubemx/CMakeFiles/STM32_Drivers.dir/__/__/Drivers/STM32F4xx_HAL_Driver/Src/stm32f4xx_hal_uart.c.obj
 .ARM.attributes
                0x000001e3       0x34 cmake/stm32cubemx/CMakeFiles/STM32_Drivers.dir/__/__/Drivers/STM32F4xx_HAL_Driver/Src/stm32f4xx_hal_rcc.c.obj
 .ARM.attributes
                0x00000217       0x34 cmake/stm32cubemx/CMakeFiles/STM32_Drivers.dir/__/__/Drivers/STM32F4xx_HAL_Driver/Src/stm32f4xx_hal_gpio.c.obj
 .ARM.attributes
                0x0000024b       0x34 cmake/stm32cubemx/CMakeFiles/STM32_Drivers.dir/__/__/Drivers/STM32F4xx_HAL_Driver/Src/stm32f4xx_hal_cortex.c.obj
 .ARM.attributes
                0x0000027f       0x34 cmake/stm32cubemx/CMakeFiles/STM32_Drivers.dir/__/__/Drivers/STM32F4xx_HAL_Driver/Src/stm32f4xx_hal.c.obj
 .ARM.attributes
                0x000002b3       0x22 /opt/st/stm32cubeclt_1.18.0/GNU-tools-for-STM32/bin/../lib/gcc/arm-none-eabi/13.3.1/thumb/v7e-m+fp/hard/libgcc.a(_aeabi_uldivmod.o)
 .ARM.attributes
                0x000002d5       0x34 /opt/st/stm32cubeclt_1.18.0/GNU-tools-for-STM32/bin/../lib/gcc/arm-none-eabi/13.3.1/thumb/v7e-m+fp/hard/libgcc.a(_udivmoddi4.o)
 .ARM.attributes
                0x00000309       0x22 /opt/st/stm32cubeclt_1.18.0/GNU-tools-for-STM32/bin/../lib/gcc/arm-none-eabi/13.3.1/thumb/v7e-m+fp/hard/libgcc.a(_dvmd_tls.o)
 .ARM.attributes
                0x0000032b       0x22 /opt/st/stm32cubeclt_1.18.0/GNU-tools-for-STM32/bin/../lib/gcc/arm-none-eabi/13.3.1/thumb/v7e-m+fp/hard/crtn.o

.comment        0x00000000       0x43
 .comment       0x00000000       0x43 CMakeFiles/SecureBoot_F407.dir/Core/Src/main.c.obj
                                 0x44 (size before relaxing)
 .comment       0x00000043       0x44 CMakeFiles/SecureBoot_F407.dir/Core/Src/stm32f4xx_it.c.obj
 .comment       0x00000043       0x44 CMakeFiles/SecureBoot_F407.dir/Core/Src/stm32f4xx_hal_msp.c.obj
 .comment       0x00000043       0x44 cmake/stm32cubemx/CMakeFiles/STM32_Drivers.dir/__/__/Core/Src/system_stm32f4xx.c.obj
 .comment       0x00000043       0x44 cmake/stm32cubemx/CMakeFiles/STM32_Drivers.dir/__/__/Drivers/STM32F4xx_HAL_Driver/Src/stm32f4xx_hal_uart.c.obj
 .comment       0x00000043       0x44 cmake/stm32cubemx/CMakeFiles/STM32_Drivers.dir/__/__/Drivers/STM32F4xx_HAL_Driver/Src/stm32f4xx_hal_rcc.c.obj
 .comment       0x00000043       0x44 cmake/stm32cubemx/CMakeFiles/STM32_Drivers.dir/__/__/Drivers/STM32F4xx_HAL_Driver/Src/stm32f4xx_hal_gpio.c.obj
 .comment       0x00000043       0x44 cmake/stm32cubemx/CMakeFiles/STM32_Drivers.dir/__/__/Drivers/STM32F4xx_HAL_Driver/Src/stm32f4xx_hal_cortex.c.obj
 .comment       0x00000043       0x44 cmake/stm32cubemx/CMakeFiles/STM32_Drivers.dir/__/__/Drivers/STM32F4xx_HAL_Driver/Src/stm32f4xx_hal.c.obj

.debug_frame    0x00000000     0x1840
 .debug_frame   0x00000000       0x20 /opt/st/stm32cubeclt_1.18.0/GNU-tools-for-STM32/bin/../lib/gcc/arm-none-eabi/13.3.1/../../../../arm-none-eabi/lib/thumb/v7e-m+fp/hard/libc_nano.a(libc_a-memset.o)
 .debug_frame   0x00000020       0x2c /opt/st/stm32cubeclt_1.18.0/GNU-tools-for-STM32/bin/../lib/gcc/arm-none-eabi/13.3.1/../../../../arm-none-eabi/lib/thumb/v7e-m+fp/hard/libc_nano.a(libc_a-init.o)
 .debug_frame   0x0000004c       0xa8 CMakeFiles/SecureBoot_F407.dir/Core/Src/main.c.obj
 .debug_frame   0x000000f4      0x104 CMakeFiles/SecureBoot_F407.dir/Core/Src/stm32f4xx_it.c.obj
 .debug_frame   0x000001f8       0x80 CMakeFiles/SecureBoot_F407.dir/Core/Src/stm32f4xx_hal_msp.c.obj
 .debug_frame   0x00000278       0x58 cmake/stm32cubemx/CMakeFiles/STM32_Drivers.dir/__/__/Core/Src/system_stm32f4xx.c.obj
 .debug_frame   0x000002d0      0x954 cmake/stm32cubemx/CMakeFiles/STM32_Drivers.dir/__/__/Drivers/STM32F4xx_HAL_Driver/Src/stm32f4xx_hal_uart.c.obj
 .debug_frame   0x00000c24      0x1f4 cmake/stm32cubemx/CMakeFiles/STM32_Drivers.dir/__/__/Drivers/STM32F4xx_HAL_Driver/Src/stm32f4xx_hal_rcc.c.obj
 .debug_frame   0x00000e18      0x14c cmake/stm32cubemx/CMakeFiles/STM32_Drivers.dir/__/__/Drivers/STM32F4xx_HAL_Driver/Src/stm32f4xx_hal_gpio.c.obj
 .debug_frame   0x00000f64      0x508 cmake/stm32cubemx/CMakeFiles/STM32_Drivers.dir/__/__/Drivers/STM32F4xx_HAL_Driver/Src/stm32f4xx_hal_cortex.c.obj
 .debug_frame   0x0000146c      0x374 cmake/stm32cubemx/CMakeFiles/STM32_Drivers.dir/__/__/Drivers/STM32F4xx_HAL_Driver/Src/stm32f4xx_hal.c.obj
 .debug_frame   0x000017e0       0x2c /opt/st/stm32cubeclt_1.18.0/GNU-tools-for-STM32/bin/../lib/gcc/arm-none-eabi/13.3.1/thumb/v7e-m+fp/hard/libgcc.a(_aeabi_uldivmod.o)
 .debug_frame   0x0000180c       0x34 /opt/st/stm32cubeclt_1.18.0/GNU-tools-for-STM32/bin/../lib/gcc/arm-none-eabi/13.3.1/thumb/v7e-m+fp/hard/libgcc.a(_udivmoddi4.o)

.debug_info     0x00000000     0x70ac
 .debug_info    0x00000000      0xbca CMakeFiles/SecureBoot_F407.dir/Core/Src/main.c.obj
 .debug_info    0x00000bca      0x112 CMakeFiles/SecureBoot_F407.dir/Core/Src/stm32f4xx_it.c.obj
 .debug_info    0x00000cdc      0x8e9 CMakeFiles/SecureBoot_F407.dir/Core/Src/stm32f4xx_hal_msp.c.obj
 .debug_info    0x000015c5       0x30 CMakeFiles/SecureBoot_F407.dir/startup_stm32f407xx.s.obj
 .debug_info    0x000015f5      0x512 cmake/stm32cubemx/CMakeFiles/STM32_Drivers.dir/__/__/Core/Src/system_stm32f4xx.c.obj
 .debug_info    0x00001b07     0x2f4f cmake/stm32cubemx/CMakeFiles/STM32_Drivers.dir/__/__/Drivers/STM32F4xx_HAL_Driver/Src/stm32f4xx_hal_uart.c.obj
 .debug_info    0x00004a56      0x8c3 cmake/stm32cubemx/CMakeFiles/STM32_Drivers.dir/__/__/Drivers/STM32F4xx_HAL_Driver/Src/stm32f4xx_hal_rcc.c.obj
 .debug_info    0x00005319      0x6c3 cmake/stm32cubemx/CMakeFiles/STM32_Drivers.dir/__/__/Drivers/STM32F4xx_HAL_Driver/Src/stm32f4xx_hal_gpio.c.obj
 .debug_info    0x000059dc      0xd8c cmake/stm32cubemx/CMakeFiles/STM32_Drivers.dir/__/__/Drivers/STM32F4xx_HAL_Driver/Src/stm32f4xx_hal_cortex.c.obj
 .debug_info    0x00006768      0x944 cmake/stm32cubemx/CMakeFiles/STM32_Drivers.dir/__/__/Drivers/STM32F4xx_HAL_Driver/Src/stm32f4xx_hal.c.obj

.debug_abbrev   0x00000000     0x126e
 .debug_abbrev  0x00000000      0x246 CMakeFiles/SecureBoot_F407.dir/Core/Src/main.c.obj
 .debug_abbrev  0x00000246       0x73 CMakeFiles/SecureBoot_F407.dir/Core/Src/stm32f4xx_it.c.obj
 .debug_abbrev  0x000002b9      0x1ad CMakeFiles/SecureBoot_F407.dir/Core/Src/stm32f4xx_hal_msp.c.obj
 .debug_abbrev  0x00000466       0x24 CMakeFiles/SecureBoot_F407.dir/startup_stm32f407xx.s.obj
 .debug_abbrev  0x0000048a      0x11a cmake/stm32cubemx/CMakeFiles/STM32_Drivers.dir/__/__/Core/Src/system_stm32f4xx.c.obj
 .debug_abbrev  0x000005a4      0x30e cmake/stm32cubemx/CMakeFiles/STM32_Drivers.dir/__/__/Drivers/STM32F4xx_HAL_Driver/Src/stm32f4xx_hal_uart.c.obj
 .debug_abbrev  0x000008b2      0x2b7 cmake/stm32cubemx/CMakeFiles/STM32_Drivers.dir/__/__/Drivers/STM32F4xx_HAL_Driver/Src/stm32f4xx_hal_rcc.c.obj
 .debug_abbrev  0x00000b69      0x1d4 cmake/stm32cubemx/CMakeFiles/STM32_Drivers.dir/__/__/Drivers/STM32F4xx_HAL_Driver/Src/stm32f4xx_hal_gpio.c.obj
 .debug_abbrev  0x00000d3d      0x31d cmake/stm32cubemx/CMakeFiles/STM32_Drivers.dir/__/__/Drivers/STM32F4xx_HAL_Driver/Src/stm32f4xx_hal_cortex.c.obj
 .debug_abbrev  0x0000105a      0x214 cmake/stm32cubemx/CMakeFiles/STM32_Drivers.dir/__/__/Drivers/STM32F4xx_HAL_Driver/Src/stm32f4xx_hal.c.obj

.debug_aranges  0x00000000      0x628
 .debug_aranges
                0x00000000       0x40 CMakeFiles/SecureBoot_F407.dir/Core/Src/main.c.obj
 .debug_aranges
                0x00000040       0x60 CMakeFiles/SecureBoot_F407.dir/Core/Src/stm32f4xx_it.c.obj
 .debug_aranges
                0x000000a0       0x30 CMakeFiles/SecureBoot_F407.dir/Core/Src/stm32f4xx_hal_msp.c.obj
 .debug_aranges
                0x000000d0       0x28 CMakeFiles/SecureBoot_F407.dir/startup_stm32f407xx.s.obj
 .debug_aranges
                0x000000f8       0x28 cmake/stm32cubemx/CMakeFiles/STM32_Drivers.dir/__/__/Core/Src/system_stm32f4xx.c.obj
 .debug_aranges
                0x00000120      0x208 cmake/stm32cubemx/CMakeFiles/STM32_Drivers.dir/__/__/Drivers/STM32F4xx_HAL_Driver/Src/stm32f4xx_hal_uart.c.obj
 .debug_aranges
                0x00000328       0x88 cmake/stm32cubemx/CMakeFiles/STM32_Drivers.dir/__/__/Drivers/STM32F4xx_HAL_Driver/Src/stm32f4xx_hal_rcc.c.obj
 .debug_aranges
                0x000003b0       0x58 cmake/stm32cubemx/CMakeFiles/STM32_Drivers.dir/__/__/Drivers/STM32F4xx_HAL_Driver/Src/stm32f4xx_hal_gpio.c.obj
 .debug_aranges
                0x00000408      0x130 cmake/stm32cubemx/CMakeFiles/STM32_Drivers.dir/__/__/Drivers/STM32F4xx_HAL_Driver/Src/stm32f4xx_hal_cortex.c.obj
 .debug_aranges
                0x00000538       0xf0 cmake/stm32cubemx/CMakeFiles/STM32_Drivers.dir/__/__/Drivers/STM32F4xx_HAL_Driver/Src/stm32f4xx_hal.c.obj

.debug_rnglists
                0x00000000      0x4b3
 .debug_rnglists
                0x00000000       0x2d CMakeFiles/SecureBoot_F407.dir/Core/Src/main.c.obj
 .debug_rnglists
                0x0000002d       0x43 CMakeFiles/SecureBoot_F407.dir/Core/Src/stm32f4xx_it.c.obj
 .debug_rnglists
                0x00000070       0x20 CMakeFiles/SecureBoot_F407.dir/Core/Src/stm32f4xx_hal_msp.c.obj
 .debug_rnglists
                0x00000090       0x19 CMakeFiles/SecureBoot_F407.dir/startup_stm32f407xx.s.obj
 .debug_rnglists
                0x000000a9       0x1a cmake/stm32cubemx/CMakeFiles/STM32_Drivers.dir/__/__/Core/Src/system_stm32f4xx.c.obj
 .debug_rnglists
                0x000000c3      0x1bc cmake/stm32cubemx/CMakeFiles/STM32_Drivers.dir/__/__/Drivers/STM32F4xx_HAL_Driver/Src/stm32f4xx_hal_uart.c.obj
 .debug_rnglists
                0x0000027f       0x66 cmake/stm32cubemx/CMakeFiles/STM32_Drivers.dir/__/__/Drivers/STM32F4xx_HAL_Driver/Src/stm32f4xx_hal_rcc.c.obj
 .debug_rnglists
                0x000002e5       0x3f cmake/stm32cubemx/CMakeFiles/STM32_Drivers.dir/__/__/Drivers/STM32F4xx_HAL_Driver/Src/stm32f4xx_hal_gpio.c.obj
 .debug_rnglists
                0x00000324       0xe0 cmake/stm32cubemx/CMakeFiles/STM32_Drivers.dir/__/__/Drivers/STM32F4xx_HAL_Driver/Src/stm32f4xx_hal_cortex.c.obj
 .debug_rnglists
                0x00000404       0xaf cmake/stm32cubemx/CMakeFiles/STM32_Drivers.dir/__/__/Drivers/STM32F4xx_HAL_Driver/Src/stm32f4xx_hal.c.obj

.debug_macro    0x00000000    0x1fd7a
 .debug_macro   0x00000000      0x1c4 CMakeFiles/SecureBoot_F407.dir/Core/Src/main.c.obj
 .debug_macro   0x000001c4      0xaf0 CMakeFiles/SecureBoot_F407.dir/Core/Src/main.c.obj
 .debug_macro   0x00000cb4      0x295 CMakeFiles/SecureBoot_F407.dir/Core/Src/main.c.obj
 .debug_macro   0x00000f49       0x2e CMakeFiles/SecureBoot_F407.dir/Core/Src/main.c.obj
 .debug_macro   0x00000f77       0x2f CMakeFiles/SecureBoot_F407.dir/Core/Src/main.c.obj
 .debug_macro   0x00000fa6       0x22 CMakeFiles/SecureBoot_F407.dir/Core/Src/main.c.obj
 .debug_macro   0x00000fc8       0x56 CMakeFiles/SecureBoot_F407.dir/Core/Src/main.c.obj
 .debug_macro   0x0000101e       0x51 CMakeFiles/SecureBoot_F407.dir/Core/Src/main.c.obj
 .debug_macro   0x0000106f      0x103 CMakeFiles/SecureBoot_F407.dir/Core/Src/main.c.obj
 .debug_macro   0x00001172       0x6a CMakeFiles/SecureBoot_F407.dir/Core/Src/main.c.obj
 .debug_macro   0x000011dc      0x1df CMakeFiles/SecureBoot_F407.dir/Core/Src/main.c.obj
 .debug_macro   0x000013bb       0x1c CMakeFiles/SecureBoot_F407.dir/Core/Src/main.c.obj
 .debug_macro   0x000013d7       0x22 CMakeFiles/SecureBoot_F407.dir/Core/Src/main.c.obj
 .debug_macro   0x000013f9       0xfb CMakeFiles/SecureBoot_F407.dir/Core/Src/main.c.obj
 .debug_macro   0x000014f4     0x1011 CMakeFiles/SecureBoot_F407.dir/Core/Src/main.c.obj
 .debug_macro   0x00002505      0x11f CMakeFiles/SecureBoot_F407.dir/Core/Src/main.c.obj
 .debug_macro   0x00002624    0x15ea5 CMakeFiles/SecureBoot_F407.dir/Core/Src/main.c.obj
 .debug_macro   0x000184c9       0x6d CMakeFiles/SecureBoot_F407.dir/Core/Src/main.c.obj
 .debug_macro   0x00018536     0x3693 CMakeFiles/SecureBoot_F407.dir/Core/Src/main.c.obj
 .debug_macro   0x0001bbc9      0x190 CMakeFiles/SecureBoot_F407.dir/Core/Src/main.c.obj
 .debug_macro   0x0001bd59       0x5c CMakeFiles/SecureBoot_F407.dir/Core/Src/main.c.obj
 .debug_macro   0x0001bdb5      0x980 CMakeFiles/SecureBoot_F407.dir/Core/Src/main.c.obj
 .debug_macro   0x0001c735      0x9e9 CMakeFiles/SecureBoot_F407.dir/Core/Src/main.c.obj
 .debug_macro   0x0001d11e      0x115 CMakeFiles/SecureBoot_F407.dir/Core/Src/main.c.obj
 .debug_macro   0x0001d233      0x13e CMakeFiles/SecureBoot_F407.dir/Core/Src/main.c.obj
 .debug_macro   0x0001d371       0xa5 CMakeFiles/SecureBoot_F407.dir/Core/Src/main.c.obj
 .debug_macro   0x0001d416      0x174 CMakeFiles/SecureBoot_F407.dir/Core/Src/main.c.obj
 .debug_macro   0x0001d58a      0x287 CMakeFiles/SecureBoot_F407.dir/Core/Src/main.c.obj
 .debug_macro   0x0001d811       0x5f CMakeFiles/SecureBoot_F407.dir/Core/Src/main.c.obj
 .debug_macro   0x0001d870      0x236 CMakeFiles/SecureBoot_F407.dir/Core/Src/main.c.obj
 .debug_macro   0x0001daa6      0x12c CMakeFiles/SecureBoot_F407.dir/Core/Src/main.c.obj
 .debug_macro   0x0001dbd2      0x21e CMakeFiles/SecureBoot_F407.dir/Core/Src/main.c.obj
 .debug_macro   0x0001ddf0       0x2e CMakeFiles/SecureBoot_F407.dir/Core/Src/main.c.obj
 .debug_macro   0x0001de1e      0x127 CMakeFiles/SecureBoot_F407.dir/Core/Src/main.c.obj
 .debug_macro   0x0001df45       0x7e CMakeFiles/SecureBoot_F407.dir/Core/Src/main.c.obj
 .debug_macro   0x0001dfc3       0x89 CMakeFiles/SecureBoot_F407.dir/Core/Src/main.c.obj
 .debug_macro   0x0001e04c      0x2aa CMakeFiles/SecureBoot_F407.dir/Core/Src/main.c.obj
 .debug_macro   0x0001e2f6      0x12d CMakeFiles/SecureBoot_F407.dir/Core/Src/main.c.obj
 .debug_macro   0x0001e423      0x1ce CMakeFiles/SecureBoot_F407.dir/Core/Src/stm32f4xx_it.c.obj
 .debug_macro   0x0001e5f1      0x1c4 CMakeFiles/SecureBoot_F407.dir/Core/Src/stm32f4xx_hal_msp.c.obj
 .debug_macro   0x0001e7b5      0x1ba cmake/stm32cubemx/CMakeFiles/STM32_Drivers.dir/__/__/Core/Src/system_stm32f4xx.c.obj
 .debug_macro   0x0001e96f      0xade cmake/stm32cubemx/CMakeFiles/STM32_Drivers.dir/__/__/Core/Src/system_stm32f4xx.c.obj
 .debug_macro   0x0001f44d      0x1bb cmake/stm32cubemx/CMakeFiles/STM32_Drivers.dir/__/__/Drivers/STM32F4xx_HAL_Driver/Src/stm32f4xx_hal_uart.c.obj
 .debug_macro   0x0001f608      0x1de cmake/stm32cubemx/CMakeFiles/STM32_Drivers.dir/__/__/Drivers/STM32F4xx_HAL_Driver/Src/stm32f4xx_hal_rcc.c.obj
 .debug_macro   0x0001f7e6      0x1c0 cmake/stm32cubemx/CMakeFiles/STM32_Drivers.dir/__/__/Drivers/STM32F4xx_HAL_Driver/Src/stm32f4xx_hal_gpio.c.obj
 .debug_macro   0x0001f9a6      0x1ba cmake/stm32cubemx/CMakeFiles/STM32_Drivers.dir/__/__/Drivers/STM32F4xx_HAL_Driver/Src/stm32f4xx_hal_cortex.c.obj
 .debug_macro   0x0001fb60      0x21a cmake/stm32cubemx/CMakeFiles/STM32_Drivers.dir/__/__/Drivers/STM32F4xx_HAL_Driver/Src/stm32f4xx_hal.c.obj

.debug_line     0x00000000     0x759c
 .debug_line    0x00000000      0x819 CMakeFiles/SecureBoot_F407.dir/Core/Src/main.c.obj
 .debug_line    0x00000819      0x7db CMakeFiles/SecureBoot_F407.dir/Core/Src/stm32f4xx_it.c.obj
 .debug_line    0x00000ff4      0x779 CMakeFiles/SecureBoot_F407.dir/Core/Src/stm32f4xx_hal_msp.c.obj
 .debug_line    0x0000176d       0x7a CMakeFiles/SecureBoot_F407.dir/startup_stm32f407xx.s.obj
 .debug_line    0x000017e7      0x7a2 cmake/stm32cubemx/CMakeFiles/STM32_Drivers.dir/__/__/Core/Src/system_stm32f4xx.c.obj
 .debug_line    0x00001f89     0x2566 cmake/stm32cubemx/CMakeFiles/STM32_Drivers.dir/__/__/Drivers/STM32F4xx_HAL_Driver/Src/stm32f4xx_hal_uart.c.obj
 .debug_line    0x000044ef      0xe2b cmake/stm32cubemx/CMakeFiles/STM32_Drivers.dir/__/__/Drivers/STM32F4xx_HAL_Driver/Src/stm32f4xx_hal_rcc.c.obj
 .debug_line    0x0000531a      0xb76 cmake/stm32cubemx/CMakeFiles/STM32_Drivers.dir/__/__/Drivers/STM32F4xx_HAL_Driver/Src/stm32f4xx_hal_gpio.c.obj
 .debug_line    0x00005e90      0xcee cmake/stm32cubemx/CMakeFiles/STM32_Drivers.dir/__/__/Drivers/STM32F4xx_HAL_Driver/Src/stm32f4xx_hal_cortex.c.obj
 .debug_line    0x00006b7e      0xa1e cmake/stm32cubemx/CMakeFiles/STM32_Drivers.dir/__/__/Drivers/STM32F4xx_HAL_Driver/Src/stm32f4xx_hal.c.obj

.debug_str      0x00000000    0xbf136
 .debug_str     0x00000000    0xbf136 CMakeFiles/SecureBoot_F407.dir/Core/Src/main.c.obj
                              0xbd5c9 (size before relaxing)
 .debug_str     0x000bf136    0xbce2d CMakeFiles/SecureBoot_F407.dir/Core/Src/stm32f4xx_it.c.obj
 .debug_str     0x000bf136    0xbd3c6 CMakeFiles/SecureBoot_F407.dir/Core/Src/stm32f4xx_hal_msp.c.obj
 .debug_str     0x000bf136       0xfc CMakeFiles/SecureBoot_F407.dir/startup_stm32f407xx.s.obj
 .debug_str     0x000bf136    0xbcf1f cmake/stm32cubemx/CMakeFiles/STM32_Drivers.dir/__/__/Core/Src/system_stm32f4xx.c.obj
 .debug_str     0x000bf136    0xbd934 cmake/stm32cubemx/CMakeFiles/STM32_Drivers.dir/__/__/Drivers/STM32F4xx_HAL_Driver/Src/stm32f4xx_hal_uart.c.obj
 .debug_str     0x000bf136    0xbd353 cmake/stm32cubemx/CMakeFiles/STM32_Drivers.dir/__/__/Drivers/STM32F4xx_HAL_Driver/Src/stm32f4xx_hal_rcc.c.obj
 .debug_str     0x000bf136    0xbd09a cmake/stm32cubemx/CMakeFiles/STM32_Drivers.dir/__/__/Drivers/STM32F4xx_HAL_Driver/Src/stm32f4xx_hal_gpio.c.obj
 .debug_str     0x000bf136    0xbd81f cmake/stm32cubemx/CMakeFiles/STM32_Drivers.dir/__/__/Drivers/STM32F4xx_HAL_Driver/Src/stm32f4xx_hal_cortex.c.obj
 .debug_str     0x000bf136    0xbdaa3 cmake/stm32cubemx/CMakeFiles/STM32_Drivers.dir/__/__/Drivers/STM32F4xx_HAL_Driver/Src/stm32f4xx_hal.c.obj

.debug_line_str
                0x00000000       0xe0
 .debug_line_str
                0x00000000       0xe0 CMakeFiles/SecureBoot_F407.dir/startup_stm32f407xx.s.obj
